Microchip MPLAB XC8 Compiler V2.41

Linker command line:

-W-3 \
  --edf=C:\Program Files\Microchip\xc8\v2.41\pic\dat\20230208172133_en.msgs \
  -cn -h+dist/default/production\SPI_Demo_5-30-2023.X.production.sym \
  --cmf=dist/default/production\SPI_Demo_5-30-2023.X.production.cmf -z \
  -Q18F66J60 -oC:\Users\jackr\AppData\Local\Temp\xcAsr80.\driver_tmp_3.o \
  --defsym=__MPLAB_BUILD=1 --fixupoverflow=error \
  -Mdist/default/production/SPI_Demo_5-30-2023.X.production.map \
  --md=C:\Users\jackr\AppData\Local\Temp\xcAsr80.\driver_tmp_0.dat -E1 \
  -ver=XC8 Compiler --acfsm=1493 -ACODE=00h-0FFF7h -ACONST=00h-0FFF7h \
  -ASMALLCONST=01000h-010FFhx239,0FF00h-0FFF7h -AMEDIUMCONST=01000h-0FFF7h \
  -ACOMRAM=01h-05Fh -AABS1=00h-0E7Fh,0F00h-0F5Fh \
  -ABIGRAM=01h-0E7Fh,0F00h-0F5Fh \
  -ARAM=060h-0FFh,0100h-01FFhx13,0E00h-0E7Fh,0F00h-0F5Fh -ABANK0=060h-0FFh \
  -ABANK1=0100h-01FFh -ABANK2=0200h-02FFh -ABANK3=0300h-03FFh \
  -ABANK4=0400h-04FFh -ABANK5=0500h-05FFh -ABANK6=0600h-06FFh \
  -ABANK7=0700h-07FFh -ABANK8=0800h-08FFh -ABANK9=0900h-09FFh \
  -ABANK10=0A00h-0AFFh -ABANK11=0B00h-0BFFh -ABANK12=0C00h-0CFFh \
  -ABANK13=0D00h-0DFFh -ABANK14=0E00h-0E7Fh -ABANK15=0F00h-0F5Fh \
  -ASFR=0E80h-0EFFh,0F60h-0FFFh -ABIGSFR=0E80h-0EFFh,0F60h-0FFFh \
  -ACONFIG=0FFF8h-0FFFDh -preset_vec=00h,intcode,intcodelo,powerup,init \
  -pramtop=01000h -psmallconst=SMALLCONST -pmediumconst=MEDIUMCONST \
  -pconst=CONST -AFARRAM=00h-00h -pjflash_buffer=0F800h \
  -prdata=COMRAM,nvrram=COMRAM,nvbit=COMRAM,rbss=COMRAM,rbit=COMRAM \
  -pfarbss=FARRAM,fardata=FARRAM,nvFARRAM=FARRAM \
  -pintsave_regs=BIGRAM,bigbss=BIGRAM,bigdata=BIGRAM -pbss=RAM \
  -pidata=CODE,irdata=CODE,ibigdata=CODE,ifardata=CODE -prparam=COMRAM \
  C:\Users\jackr\AppData\Local\Temp\xcAsr80.\driver_tmp_9.o \
  dist/default/production\SPI_Demo_5-30-2023.X.production.o 

Object code version is 3.11

Machine type is 18F66J60



                Name                               Link     Load   Length Selector   Space Scale
C:\Users\jackr\AppData\Local\Temp\xcAsr80.\driver_tmp_9.o
                config                             FFF8     FFF8        6        0       4
                init                                  0        0        4        0       0
dist/default/production\SPI_Demo_5-30-2023.X.production.o
                config                             FFF8     FFF8        6        0       4
                smallconst                         1000     1000       1E      800       0
                text10                             1358     1358        4      80F       0
                text9                              11B8     11B8       A0      80F       0
                text8                              1354     1354        4      80F       0
                text7                              12F8     12F8       1A      80F       0
                text6                              1294     1294       3A      80F       0
                text5                              134C     134C        8      80F       0
                text4                              1344     1344        8      80F       0
                text3                              1258     1258       3C      80F       0
                text2                              1324     1324       12      80F       0
                text1                              1336     1336        E      80F       0
                text0                              101E     101E      19A      80F       0
                cstackCOMRAM                          1        1       1D        1       1
                dataCOMRAM                           1E       1E       12        1       1
                cinit                              12CE     12CE       2A      80F       0
                idataCOMRAM                        1312     1312       12      80F       0

TOTAL           Name                               Link     Load   Length     Space
        CLASS   CODE           
                init                                  0        0        4         0
                text10                             1358     1358        4         0
                text9                              11B8     11B8       A0         0
                text8                              1354     1354        4         0
                text7                              12F8     12F8       1A         0
                text6                              1294     1294       3A         0
                text5                              134C     134C        8         0
                text4                              1344     1344        8         0
                text3                              1258     1258       3C         0
                text2                              1324     1324       12         0
                text1                              1336     1336        E         0
                text0                              101E     101E      19A         0
                cinit                              12CE     12CE       2A         0
                idataCOMRAM                        1312     1312       12         0

        CLASS   CONST          

        CLASS   SMALLCONST     
                smallconst                         1000     1000       1E         0

        CLASS   MEDIUMCONST    

        CLASS   COMRAM         
                cstackCOMRAM                          1        1       1D         1
                dataCOMRAM                           1E       1E       12         1

        CLASS   ABS1           

        CLASS   BIGRAM         

        CLASS   RAM            

        CLASS   BANK0          

        CLASS   BANK1          

        CLASS   BANK2          

        CLASS   BANK3          

        CLASS   BANK4          

        CLASS   BANK5          

        CLASS   BANK6          

        CLASS   BANK7          

        CLASS   BANK8          

        CLASS   BANK9          

        CLASS   BANK10         

        CLASS   BANK11         

        CLASS   BANK12         

        CLASS   BANK13         

        CLASS   BANK14         

        CLASS   BANK15         

        CLASS   SFR            

        CLASS   BIGSFR         

        CLASS   CONFIG         
                config                             FFF8     FFF8        6         4

        CLASS   FARRAM         

        CLASS   HEAP           

        CLASS   STACK          

        CLASS   IDLOC          



SEGMENTS        Name                           Load    Length   Top    Selector   Space  Class

                reset_vec                      000000  000004  000004         0       0  CODE    
                cstackCOMRAM                   000001  00002F  000030         1       1  COMRAM  
                smallconst                     001000  00001E  00101E       800       0  SMALLCON
                text0                          00101E  00033E  00135C       80F       0  CODE    


UNUSED ADDRESS RANGES

        Name                Unused          Largest block    Delta
        BANK0            00060-000FF              A0
        BANK1            00100-001FF             100
        BANK10           00A00-00AFF             100
        BANK11           00B00-00BFF             100
        BANK12           00C00-00CFF             100
        BANK13           00D00-00DFF             100
        BANK14           00E00-00E7F              80
        BANK15           00F00-00F5F              60
        BANK2            00200-002FF             100
        BANK3            00300-003FF             100
        BANK4            00400-004FF             100
        BANK5            00500-005FF             100
        BANK6            00600-006FF             100
        BANK7            00700-007FF             100
        BANK8            00800-008FF             100
        BANK9            00900-009FF             100
        BIGRAM           00030-00E7F             E50
                         00F00-00F5F              60
        BIGSFR           00E80-00EFF              80
                         00F60-00FFF              A0
        CODE             00004-00FFF             FFC
                         0135C-0FFF7            EC9C
        COMRAM           00030-0005F              30
        CONST            00004-00FFF             FFC
                         0135C-0FFF7            EC9C
        MEDIUMCONST      0135C-0FFF7            EC9C
        RAM              00060-00E7F             100
                         00F00-00F5F              60
        SFR              00E80-00EFF              80
                         00F60-00FFF              A0
        SMALLCONST       0135C-0FFF7             100

                                  Symbol Table

SPI1_ExchangeByte@data            cstackCOMRAM  00001
SPI1_Open@spi1UniqueConfiguration cstackCOMRAM  00002
SPI1_WriteBlock@block             cstackCOMRAM  00002
SPI1_WriteBlock@blockSize         cstackCOMRAM  00004
SPI1_WriteBlock@data              cstackCOMRAM  00006
SPI1_WriteByte@byte               cstackCOMRAM  00001
_ADCON1bits                       (abs)         00FC1
_LATA                             (abs)         00F89
_LATB                             (abs)         00F8A
_LATC                             (abs)         00F8B
_LATD                             (abs)         00F8C
_LATE                             (abs)         00F8D
_LATEbits                         (abs)         00F8D
_LATF                             (abs)         00F8E
_LATG                             (abs)         00F8F
_MASTER0_open                     (abs)         00000
_OSCCON                           (abs)         00FD3
_OSCILLATOR_Initialize            text4         01344
_OSCTUNE                          (abs)         00F9B
_PIN_MANAGER_Initialize           text3         01258
_PIR1bits                         (abs)         00F9E
_SPI1_Close                       text10        01358
_SPI1_ExchangeBlock               (abs)         00000
_SPI1_ExchangeByte                text7         012F8
_SPI1_Initialize                  text2         01324
_SPI1_Open                        text9         011B8
_SPI1_ReadBlock                   (abs)         00000
_SPI1_ReadByte                    text8         01354
_SPI1_WriteBlock                  text6         01294
_SPI1_WriteByte                   text5         0134C
_SSP1ADD                          (abs)         00FC8
_SSP1BUF                          (abs)         00FC9
_SSP1CON1                         (abs)         00FC6
_SSP1CON1bits                     (abs)         00FC6
_SSP1CON2                         (abs)         00FC5
_SSP1STAT                         (abs)         00FC7
_SYSTEM_Initialize                text1         01336
_TRISA                            (abs)         00F92
_TRISB                            (abs)         00F93
_TRISC                            (abs)         00F94
_TRISCbits                        (abs)         00F94
_TRISD                            (abs)         00F95
_TRISE                            (abs)         00F96
_TRISF                            (abs)         00F97
_TRISG                            (abs)         00F98
__HRAM                            (abs)         00000
__H__absolute__                   __absolute__  00000
__Habs1                           abs1          00000
__Hbank0                          bank0         00000
__Hbank1                          bank1         00000
__Hbank10                         bank10        00000
__Hbank11                         bank11        00000
__Hbank12                         bank12        00000
__Hbank13                         bank13        00000
__Hbank14                         bank14        00000
__Hbank15                         bank15        00000
__Hbank2                          bank2         00000
__Hbank3                          bank3         00000
__Hbank4                          bank4         00000
__Hbank5                          bank5         00000
__Hbank6                          bank6         00000
__Hbank7                          bank7         00000
__Hbank8                          bank8         00000
__Hbank9                          bank9         00000
__Hbigbss                         bigbss        00000
__Hbigdata                        bigdata       00000
__Hbigram                         bigram        00000
__Hbigsfr                         bigsfr        00000
__Hbss                            bss           00000
__Hcinit                          cinit         00000
__Hclrtext                        clrtext       00000
__Hcomram                         comram        00000
__Hconfig                         config        0FFFE
__Hconst                          const         00000
__HcstackCOMRAM                   cstackCOMRAM  00000
__Hdata                           data          00000
__HdataCOMRAM                     dataCOMRAM    00000
__Hfarbss                         farbss        00000
__Hfardata                        fardata       00000
__Hheap                           heap          00000
__Hibigdata                       ibigdata      00000
__Hidata                          idata         00000
__HidataCOMRAM                    idataCOMRAM   00000
__Hidloc                          idloc         00000
__Hifardata                       ifardata      00000
__Hinit                           init          00004
__Hintcode                        intcode       00000
__Hintcode_body                   intcode_body  00000
__Hintcodelo                      intcodelo     00000
__Hintentry                       intentry      00000
__Hintret                         intret        00000
__Hintsave_regs                   intsave_regs  00000
__Hirdata                         irdata        00000
__Hjflash_buffer                  jflash_buffer 0F800
__Hmediumconst                    mediumconst   00000
__HnvFARRAM                       nvFARRAM      00000
__Hnvbit                          nvbit         00000
__Hnvrram                         nvrram        00000
__Hparam                          rparam        00000
__Hpowerup                        powerup       00000
__Hram                            ram           00000
__Hramtop                         ramtop        01000
__Hrbit                           rbit          00000
__Hrbss                           rbss          00000
__Hrdata                          rdata         00000
__Hreset_vec                      reset_vec     00000
__Hrparam                         rparam        00000
__Hsfr                            sfr           00000
__Hsmallconst                     smallconst    0101E
__Hspace_0                        (abs)         0F800
__Hspace_1                        (abs)         00030
__Hspace_2                        (abs)         00000
__Hspace_4                        (abs)         1FFF6
__Hstack                          stack         00000
__Hstruct                         struct        00000
__Htemp                           temp          00000
__Htext                           text          00000
__Htext0                          text0         00000
__Htext1                          text1         00000
__Htext10                         text10        00000
__Htext11                         text11        00000
__Htext2                          text2         00000
__Htext3                          text3         00000
__Htext4                          text4         00000
__Htext5                          text5         00000
__Htext6                          text6         00000
__Htext7                          text7         00000
__Htext8                          text8         00000
__Htext9                          text9         00000
__LRAM                            (abs)         00001
__L__absolute__                   __absolute__  00000
__Labs1                           abs1          00000
__Lbank0                          bank0         00000
__Lbank1                          bank1         00000
__Lbank10                         bank10        00000
__Lbank11                         bank11        00000
__Lbank12                         bank12        00000
__Lbank13                         bank13        00000
__Lbank14                         bank14        00000
__Lbank15                         bank15        00000
__Lbank2                          bank2         00000
__Lbank3                          bank3         00000
__Lbank4                          bank4         00000
__Lbank5                          bank5         00000
__Lbank6                          bank6         00000
__Lbank7                          bank7         00000
__Lbank8                          bank8         00000
__Lbank9                          bank9         00000
__Lbigbss                         bigbss        00000
__Lbigdata                        bigdata       00000
__Lbigram                         bigram        00000
__Lbigsfr                         bigsfr        00000
__Lbss                            bss           00000
__Lcinit                          cinit         00000
__Lclrtext                        clrtext       00000
__Lcomram                         comram        00000
__Lconfig                         config        00000
__Lconst                          const         00000
__LcstackCOMRAM                   cstackCOMRAM  00000
__Ldata                           data          00000
__LdataCOMRAM                     dataCOMRAM    00000
__Lfarbss                         farbss        00000
__Lfardata                        fardata       00000
__Lheap                           heap          00000
__Libigdata                       ibigdata      00000
__Lidata                          idata         00000
__LidataCOMRAM                    idataCOMRAM   00000
__Lidloc                          idloc         00000
__Lifardata                       ifardata      00000
__Linit                           init          00000
__Lintcode                        intcode       00000
__Lintcode_body                   intcode_body  00000
__Lintcodelo                      intcodelo     00000
__Lintentry                       intentry      00000
__Lintret                         intret        00000
__Lintsave_regs                   intsave_regs  00000
__Lirdata                         irdata        00000
__Ljflash_buffer                  jflash_buffer 0F800
__Lmediumconst                    mediumconst   00000
__LnvFARRAM                       nvFARRAM      00000
__Lnvbit                          nvbit         00000
__Lnvrram                         nvrram        00000
__Lparam                          rparam        00000
__Lpowerup                        powerup       00000
__Lram                            ram           00000
__Lramtop                         ramtop        01000
__Lrbit                           rbit          00000
__Lrbss                           rbss          00000
__Lrdata                          rdata         00000
__Lreset_vec                      reset_vec     00000
__Lrparam                         rparam        00000
__Lsfr                            sfr           00000
__Lsmallconst                     smallconst    01000
__Lspace_0                        (abs)         00000
__Lspace_1                        (abs)         00000
__Lspace_2                        (abs)         00000
__Lspace_4                        (abs)         00000
__Lstack                          stack         00000
__Lstruct                         struct        00000
__Ltemp                           temp          00000
__Ltext                           text          00000
__Ltext0                          text0         00000
__Ltext1                          text1         00000
__Ltext10                         text10        00000
__Ltext11                         text11        00000
__Ltext2                          text2         00000
__Ltext3                          text3         00000
__Ltext4                          text4         00000
__Ltext5                          text5         00000
__Ltext6                          text6         00000
__Ltext7                          text7         00000
__Ltext8                          text8         00000
__Ltext9                          text9         00000
__S0                              (abs)         0135C
__S1                              (abs)         00030
__S4                              (abs)         00000
___extmem_base                    (abs)         20000
___heap_hi                        (abs)         00000
___heap_lo                        (abs)         00000
___inthi_sp                       stack         00000
___intlo_sp                       stack         00000
___param_bank                     (abs)         00000
___rparam_used                    (abs)         00001
___sp                             stack         00000
__accesstop                       (abs)         00060
__activetblptr                    (abs)         00002
__end_of_OSCILLATOR_Initialize    text4         0134C
__end_of_PIN_MANAGER_Initialize   text3         01294
__end_of_SPI1_Close               text10        0135C
__end_of_SPI1_ExchangeByte        text7         01312
__end_of_SPI1_Initialize          text2         01336
__end_of_SPI1_Open                text9         01258
__end_of_SPI1_ReadByte            text8         01358
__end_of_SPI1_WriteBlock          text6         012CE
__end_of_SPI1_WriteByte           text5         01354
__end_of_SYSTEM_Initialize        text1         01344
__end_of__initialization          cinit         012EE
__end_of_main                     text0         011B8
__end_of_spi1_configuration       smallconst    0101D
__end_of_spiMaster                smallconst    01015
__initialization                  cinit         012CE
__mediumconst                     mediumconst   00000
__pcinit                          cinit         012CE
__pcstackCOMRAM                   cstackCOMRAM  00001
__pdataCOMRAM                     dataCOMRAM    0001E
__pidataCOMRAM                    idataCOMRAM   01312
__psmallconst                     smallconst    01000
__ptext0                          text0         0101E
__ptext1                          text1         01336
__ptext10                         text10        01358
__ptext11                         text11        00000
__ptext2                          text2         01324
__ptext3                          text3         01258
__ptext4                          text4         01344
__ptext5                          text5         0134C
__ptext6                          text6         01294
__ptext7                          text7         012F8
__ptext8                          text8         01354
__ptext9                          text9         011B8
__ramtop                          ramtop        01000
__smallconst                      smallconst    01000
_main                             text0         0101E
_spi1_configuration               smallconst    01015
_spiMaster                        smallconst    01001
end_of_initialization             cinit         012EE
intlevel0                         text          00000
intlevel1                         text          00000
intlevel2                         text          00000
intlevel3                         text          00000
isa$std                           (abs)         00001
isa$xinst                         (abs)         00000
main@F4196                        dataCOMRAM    00025
main@F4198                        dataCOMRAM    0001E
main@F4200                        dataCOMRAM    0002C
main@conv4                        cstackCOMRAM  00018
main@rsense_buff                  cstackCOMRAM  0000A
main@rtd1_buff                    cstackCOMRAM  00011
main@spi_buff                     cstackCOMRAM  0001C
stackhi                           (abs)         00000
stacklo                           (abs)         00000
start                             init          00000
start_initialization              cinit         012CE


MODULE INFORMATION

Module		Function		Class		Link	Load	Size
mcc_generated_files/pin_manager.c
		_PIN_MANAGER_Initialize		CODE           	1258	0000	60

mcc_generated_files/pin_manager.c estimated size: 60

mcc_generated_files/spi1.c
		_SPI1_WriteByte		CODE           	134C	0000	8
		_SPI1_ReadByte 		CODE           	1354	0000	4
		_SPI1_WriteBlock		CODE           	1294	0000	58
		_SPI1_Open     		CODE           	11B8	0000	160
		_SPI1_Initialize		CODE           	1324	0000	18
		_SPI1_Close    		CODE           	1358	0000	4
		_SPI1_ExchangeByte		CODE           	12F8	0000	26

mcc_generated_files/spi1.c estimated size: 278

shared
		__initialization		CODE           	12CE	0000	32
		_spiMaster     		SMALLCONST     	1001	0000	20
		_spi1_configuration		SMALLCONST     	1015	0000	8

shared estimated size: 60

mcc_generated_files/mcc.c
		_OSCILLATOR_Initialize		CODE           	1344	0000	8
		_SYSTEM_Initialize		CODE           	1336	0000	14

mcc_generated_files/mcc.c estimated size: 22

main.c
		_main          		CODE           	101E	0000	410

main.c estimated size: 410

